******************************************************************************
             TMS320C2000 Linker PC v20.2.1                     
******************************************************************************
>> Linked Wed Dec  4 18:58:13 2024

OUTPUT FILE NAME:   <ProjektMagister.out>
ENTRY POINT SYMBOL: "_c_int00"  address: 00009bee


MEMORY CONFIGURATION

         name            origin    length      used     unused   attr    fill
----------------------  --------  ---------  --------  --------  ----  --------
PAGE 0:
  BEGIN                 00000000   00000002  00000002  00000000  RWIX
  RAMM0                 00000050   000003b0  00000000  000003b0  RWIX
  RAML0                 00008000   00001000  00000144  00000ebc  RWIX
  RAML1                 00009000   00001000  00000d21  000002df  RWIX
  RAML2                 0000a000   00001000  00000000  00001000  RWIX
  RAML3                 0000b000   00001000  00000000  00001000  RWIX
  ZONE7A                00200000   0000fc00  00000000  0000fc00  RWIX
  CSM_RSVD              0033ff80   00000076  00000000  00000076  RWIX
  CSM_PWL               0033fff8   00000008  00000000  00000008  RWIX
  ADC_CAL               00380080   00000009  00000007  00000002  RWIX
  IQTABLES              003fe000   00000b50  00000000  00000b50  RWIX
  IQTABLES2             003feb50   0000008c  00000000  0000008c  RWIX
  FPUTABLES             003febdc   000006a0  00000000  000006a0  RWIX
  BOOTROM               003ff27c   00000d44  00000000  00000d44  RWIX
  RESET                 003fffc0   00000002  00000000  00000002  RWIX

PAGE 1:
  BOOT_RSVD             00000002   0000004e  00000000  0000004e  RWIX
  RAMM1                 00000400   00000400  00000300  00000100  RWIX
  DEV_EMU               00000880   00000180  000000d0  000000b0  RWIX
  FLASH_REGS            00000a80   00000060  00000008  00000058  RWIX
  CSM                   00000ae0   00000010  00000010  00000000  RWIX
  ADC_MIRROR            00000b00   00000010  00000010  00000000  RWIX
  XINTF                 00000b20   00000020  0000001e  00000002  RWIX
  CPU_TIMER0            00000c00   00000008  00000008  00000000  RWIX
  CPU_TIMER1            00000c08   00000008  00000008  00000000  RWIX
  CPU_TIMER2            00000c10   00000008  00000008  00000000  RWIX
  PIE_CTRL              00000ce0   00000020  0000001a  00000006  RWIX
  PIE_VECT              00000d00   00000100  00000100  00000000  RWIX
  DMA                   00001000   00000200  000000e0  00000120  RWIX
  MCBSPA                00005000   00000040  00000025  0000001b  RWIX
  MCBSPB                00005040   00000040  00000025  0000001b  RWIX
  ECANA                 00006000   00000040  00000034  0000000c  RWIX
  ECANA_LAM             00006040   00000040  00000040  00000000  RWIX
  ECANA_MOTS            00006080   00000040  00000040  00000000  RWIX
  ECANA_MOTO            000060c0   00000040  00000040  00000000  RWIX
  ECANA_MBOX            00006100   00000100  00000100  00000000  RWIX
  ECANB                 00006200   00000040  00000034  0000000c  RWIX
  ECANB_LAM             00006240   00000040  00000040  00000000  RWIX
  ECANB_MOTS            00006280   00000040  00000040  00000000  RWIX
  ECANB_MOTO            000062c0   00000040  00000040  00000000  RWIX
  ECANB_MBOX            00006300   00000100  00000100  00000000  RWIX
  EPWM1                 00006800   00000022  00000022  00000000  RWIX
  EPWM2                 00006840   00000022  00000022  00000000  RWIX
  EPWM3                 00006880   00000022  00000022  00000000  RWIX
  EPWM4                 000068c0   00000022  00000022  00000000  RWIX
  EPWM5                 00006900   00000022  00000022  00000000  RWIX
  EPWM6                 00006940   00000022  00000022  00000000  RWIX
  ECAP1                 00006a00   00000020  00000020  00000000  RWIX
  ECAP2                 00006a20   00000020  00000020  00000000  RWIX
  ECAP3                 00006a40   00000020  00000020  00000000  RWIX
  ECAP4                 00006a60   00000020  00000020  00000000  RWIX
  ECAP5                 00006a80   00000020  00000020  00000000  RWIX
  ECAP6                 00006aa0   00000020  00000020  00000000  RWIX
  EQEP1                 00006b00   00000040  00000040  00000000  RWIX
  EQEP2                 00006b40   00000040  00000040  00000000  RWIX
  GPIOCTRL              00006f80   00000040  0000002e  00000012  RWIX
  GPIODAT               00006fc0   00000020  00000020  00000000  RWIX
  GPIOINT               00006fe0   00000020  0000000a  00000016  RWIX
  SYSTEM                00007010   00000020  00000020  00000000  RWIX
  SPIA                  00007040   00000010  00000010  00000000  RWIX
  SCIA                  00007050   00000010  00000010  00000000  RWIX
  XINTRUPT              00007070   00000010  00000010  00000000  RWIX
  ADC                   00007100   00000020  0000001e  00000002  RWIX
  SCIB                  00007750   00000010  00000010  00000000  RWIX
  SCIC                  00007770   00000010  00000010  00000000  RWIX
  I2CA                  00007900   00000040  00000022  0000001e  RWIX
  RAML4                 0000c000   00001000  00000192  00000e6e  RWIX
  RAML5                 0000d000   00001000  00000100  00000f00  RWIX
  RAML6                 0000e000   00001000  00000000  00001000  RWIX
  RAML7                 0000f000   00001000  00000000  00001000  RWIX
  ZONE7B                0020fc00   00000400  00000000  00000400  RWIX
  CSM_PWL               0033fff8   00000008  00000008  00000000  RWIX
  PARTID                00380090   00000001  00000001  00000000  RWIX


SECTION ALLOCATION MAP

 output                                  attributes/
section   page    origin      length       input sections
--------  ----  ----------  ----------   ----------------
codestart 
*          0    00000000    00000002     
                  00000000    00000002     DSP2833x_CodeStartBranch.obj (codestart)

.cinit     0    00008000    00000140     
                  00008000    00000126     PLL_UNIPOLAR_NEW_FINAL.obj (.cinit)
                  00008126    0000000e     rts2800_fpu32.lib : exit.c.obj (.cinit)
                  00008134    00000005                       : _lock.c.obj (.cinit:__lock)
                  00008139    00000005                       : _lock.c.obj (.cinit:__unlock)
                  0000813e    00000002     --HOLE-- [fill = 0]

.TI.ramfunc 
*          0    00008140    00000004     
                  00008140    00000004     DSP2833x_usDelay.obj (.TI.ramfunc)

.text      0    00009000    00000d21     
                  00009000    00000316     DSP2833x_DefaultIsr.obj (.text:retain)
                  00009316    000001bd     PLL_UNIPOLAR_NEW_FINAL.obj (.text)
                  000094d3    0000018c     bandstop.obj (.text)
                  0000965f    00000143     PLL_UNIPOLAR_NEW_FINAL.obj (.text:retain)
                  000097a2    000000fd     DSP2833x_SysCtrl.obj (.text)
                  0000989f    000000f6     lowpass.obj (.text)
                  00009995    000000ae     PI.obj (.text)
                  00009a43    00000088     rts2800_fpu32.lib : fs_div28.asm.obj (.text)
                  00009acb    00000067     res.obj (.text)
                  00009b32    00000063     rts2800_fpu32.lib : s_cosf.c.obj (.text)
                  00009b95    00000059                       : s_sinf.c.obj (.text)
                  00009bee    00000056                       : boot28.asm.obj (.text)
                  00009c44    00000029                       : exit.c.obj (.text)
                  00009c6d    00000028     DSP2833x_PieCtrl.obj (.text)
                  00009c95    00000024     rts2800_fpu32.lib : cpy_tbl.c.obj (.text)
                  00009cb9    0000001d                       : memcpy.c.obj (.text)
                  00009cd6    00000014     DSP2833x_Adc.obj (.text)
                  00009cea    00000012     rts2800_fpu32.lib : args_main.c.obj (.text)
                  00009cfc    00000011     DSP2833x_PieVect.obj (.text)
                  00009d0d    00000009     rts2800_fpu32.lib : _lock.c.obj (.text)
                  00009d16    00000008     DSP2833x_CodeStartBranch.obj (.text)
                  00009d1e    00000002     rts2800_fpu32.lib : pre_init.c.obj (.text)
                  00009d20    00000001                       : startup.c.obj (.text)

.pinit     0    00008000    00000000     UNINITIALIZED

.stack     1    00000400    00000300     UNINITIALIZED
                  00000400    00000300     --HOLE--

DevEmuRegsFile 
*          1    00000880    000000d0     UNINITIALIZED
                  00000880    000000d0     DSP2833x_GlobalVariableDefs.obj (DevEmuRegsFile)

FlashRegsFile 
*          1    00000a80    00000008     UNINITIALIZED
                  00000a80    00000008     DSP2833x_GlobalVariableDefs.obj (FlashRegsFile)

CsmRegsFile 
*          1    00000ae0    00000010     UNINITIALIZED
                  00000ae0    00000010     DSP2833x_GlobalVariableDefs.obj (CsmRegsFile)

AdcMirrorFile 
*          1    00000b00    00000010     UNINITIALIZED
                  00000b00    00000010     DSP2833x_GlobalVariableDefs.obj (AdcMirrorFile)

XintfRegsFile 
*          1    00000b20    0000001e     UNINITIALIZED
                  00000b20    0000001e     DSP2833x_GlobalVariableDefs.obj (XintfRegsFile)

CpuTimer0RegsFile 
*          1    00000c00    00000008     UNINITIALIZED
                  00000c00    00000008     DSP2833x_GlobalVariableDefs.obj (CpuTimer0RegsFile)

CpuTimer1RegsFile 
*          1    00000c08    00000008     UNINITIALIZED
                  00000c08    00000008     DSP2833x_GlobalVariableDefs.obj (CpuTimer1RegsFile)

CpuTimer2RegsFile 
*          1    00000c10    00000008     UNINITIALIZED
                  00000c10    00000008     DSP2833x_GlobalVariableDefs.obj (CpuTimer2RegsFile)

PieCtrlRegsFile 
*          1    00000ce0    0000001a     UNINITIALIZED
                  00000ce0    0000001a     DSP2833x_GlobalVariableDefs.obj (PieCtrlRegsFile)

ECanaMOTSRegsFile 
*          1    00006080    00000040     UNINITIALIZED
                  00006080    00000040     DSP2833x_GlobalVariableDefs.obj (ECanaMOTSRegsFile)

ECanaMOTORegsFile 
*          1    000060c0    00000040     UNINITIALIZED
                  000060c0    00000040     DSP2833x_GlobalVariableDefs.obj (ECanaMOTORegsFile)

ECanbMOTSRegsFile 
*          1    00006280    00000040     UNINITIALIZED
                  00006280    00000040     DSP2833x_GlobalVariableDefs.obj (ECanbMOTSRegsFile)

ECanbMOTORegsFile 
*          1    000062c0    00000040     UNINITIALIZED
                  000062c0    00000040     DSP2833x_GlobalVariableDefs.obj (ECanbMOTORegsFile)

.ebss      1    0000c000    00000192     UNINITIALIZED
                  0000c000    0000009c     PI.obj (.ebss)
                  0000c09c    00000022     lowpass.obj (.ebss)
                  0000c0be    00000002     rts2800_fpu32.lib : _lock.c.obj (.ebss:__lock)
                  0000c0c0    00000072     PLL_UNIPOLAR_NEW_FINAL.obj (.ebss)
                  0000c132    00000006     rts2800_fpu32.lib : exit.c.obj (.ebss)
                  0000c138    00000002                       : _lock.c.obj (.ebss:__unlock)
                  0000c13a    00000006     --HOLE--
                  0000c140    00000026     bandstop.obj (.ebss)
                  0000c166    00000018     DSP2833x_CpuTimers.obj (.ebss)
                  0000c17e    00000002     --HOLE--
                  0000c180    00000012     res.obj (.ebss)

.econst    1    0000d000    00000100     
                  0000d000    00000100     DSP2833x_PieVect.obj (.econst:_PieVectTableInit)

.reset     0    003fffc0    00000002     DSECT
                  003fffc0    00000002     rts2800_fpu32.lib : boot28.asm.obj (.reset)

csm_rsvd   0    0033ff80    00000000     DSECT

csmpasswds 
*          0    0033fff8    00000000     DSECT

.adc_cal   0    00380080    00000007     NOLOAD SECTION
                  00380080    00000007     DSP2833x_ADC_cal.obj (.adc_cal)

PieVectTableFile 
*          1    00000d00    00000100     UNINITIALIZED
                  00000d00    00000100     DSP2833x_GlobalVariableDefs.obj (PieVectTableFile)

DmaRegsFile 
*          1    00001000    000000e0     UNINITIALIZED
                  00001000    000000e0     DSP2833x_GlobalVariableDefs.obj (DmaRegsFile)

McbspaRegsFile 
*          1    00005000    00000025     UNINITIALIZED
                  00005000    00000025     DSP2833x_GlobalVariableDefs.obj (McbspaRegsFile)

McbspbRegsFile 
*          1    00005040    00000025     UNINITIALIZED
                  00005040    00000025     DSP2833x_GlobalVariableDefs.obj (McbspbRegsFile)

ECanaRegsFile 
*          1    00006000    00000034     UNINITIALIZED
                  00006000    00000034     DSP2833x_GlobalVariableDefs.obj (ECanaRegsFile)

ECanaLAMRegsFile 
*          1    00006040    00000040     UNINITIALIZED
                  00006040    00000040     DSP2833x_GlobalVariableDefs.obj (ECanaLAMRegsFile)

ECanaMboxesFile 
*          1    00006100    00000100     UNINITIALIZED
                  00006100    00000100     DSP2833x_GlobalVariableDefs.obj (ECanaMboxesFile)

ECanbRegsFile 
*          1    00006200    00000034     UNINITIALIZED
                  00006200    00000034     DSP2833x_GlobalVariableDefs.obj (ECanbRegsFile)

ECanbLAMRegsFile 
*          1    00006240    00000040     UNINITIALIZED
                  00006240    00000040     DSP2833x_GlobalVariableDefs.obj (ECanbLAMRegsFile)

ECanbMboxesFile 
*          1    00006300    00000100     UNINITIALIZED
                  00006300    00000100     DSP2833x_GlobalVariableDefs.obj (ECanbMboxesFile)

EPwm1RegsFile 
*          1    00006800    00000022     UNINITIALIZED
                  00006800    00000022     DSP2833x_GlobalVariableDefs.obj (EPwm1RegsFile)

EPwm2RegsFile 
*          1    00006840    00000022     UNINITIALIZED
                  00006840    00000022     DSP2833x_GlobalVariableDefs.obj (EPwm2RegsFile)

EPwm3RegsFile 
*          1    00006880    00000022     UNINITIALIZED
                  00006880    00000022     DSP2833x_GlobalVariableDefs.obj (EPwm3RegsFile)

EPwm4RegsFile 
*          1    000068c0    00000022     UNINITIALIZED
                  000068c0    00000022     DSP2833x_GlobalVariableDefs.obj (EPwm4RegsFile)

EPwm5RegsFile 
*          1    00006900    00000022     UNINITIALIZED
                  00006900    00000022     DSP2833x_GlobalVariableDefs.obj (EPwm5RegsFile)

EPwm6RegsFile 
*          1    00006940    00000022     UNINITIALIZED
                  00006940    00000022     DSP2833x_GlobalVariableDefs.obj (EPwm6RegsFile)

ECap1RegsFile 
*          1    00006a00    00000020     UNINITIALIZED
                  00006a00    00000020     DSP2833x_GlobalVariableDefs.obj (ECap1RegsFile)

ECap2RegsFile 
*          1    00006a20    00000020     UNINITIALIZED
                  00006a20    00000020     DSP2833x_GlobalVariableDefs.obj (ECap2RegsFile)

ECap3RegsFile 
*          1    00006a40    00000020     UNINITIALIZED
                  00006a40    00000020     DSP2833x_GlobalVariableDefs.obj (ECap3RegsFile)

ECap4RegsFile 
*          1    00006a60    00000020     UNINITIALIZED
                  00006a60    00000020     DSP2833x_GlobalVariableDefs.obj (ECap4RegsFile)

ECap5RegsFile 
*          1    00006a80    00000020     UNINITIALIZED
                  00006a80    00000020     DSP2833x_GlobalVariableDefs.obj (ECap5RegsFile)

ECap6RegsFile 
*          1    00006aa0    00000020     UNINITIALIZED
                  00006aa0    00000020     DSP2833x_GlobalVariableDefs.obj (ECap6RegsFile)

EQep1RegsFile 
*          1    00006b00    00000040     UNINITIALIZED
                  00006b00    00000040     DSP2833x_GlobalVariableDefs.obj (EQep1RegsFile)

EQep2RegsFile 
*          1    00006b40    00000040     UNINITIALIZED
                  00006b40    00000040     DSP2833x_GlobalVariableDefs.obj (EQep2RegsFile)

GpioCtrlRegsFile 
*          1    00006f80    0000002e     UNINITIALIZED
                  00006f80    0000002e     DSP2833x_GlobalVariableDefs.obj (GpioCtrlRegsFile)

GpioDataRegsFile 
*          1    00006fc0    00000020     UNINITIALIZED
                  00006fc0    00000020     DSP2833x_GlobalVariableDefs.obj (GpioDataRegsFile)

GpioIntRegsFile 
*          1    00006fe0    0000000a     UNINITIALIZED
                  00006fe0    0000000a     DSP2833x_GlobalVariableDefs.obj (GpioIntRegsFile)

SysCtrlRegsFile 
*          1    00007010    00000020     UNINITIALIZED
                  00007010    00000020     DSP2833x_GlobalVariableDefs.obj (SysCtrlRegsFile)

SpiaRegsFile 
*          1    00007040    00000010     UNINITIALIZED
                  00007040    00000010     DSP2833x_GlobalVariableDefs.obj (SpiaRegsFile)

SciaRegsFile 
*          1    00007050    00000010     UNINITIALIZED
                  00007050    00000010     DSP2833x_GlobalVariableDefs.obj (SciaRegsFile)

XIntruptRegsFile 
*          1    00007070    00000010     UNINITIALIZED
                  00007070    00000010     DSP2833x_GlobalVariableDefs.obj (XIntruptRegsFile)

AdcRegsFile 
*          1    00007100    0000001e     UNINITIALIZED
                  00007100    0000001e     DSP2833x_GlobalVariableDefs.obj (AdcRegsFile)

ScibRegsFile 
*          1    00007750    00000010     UNINITIALIZED
                  00007750    00000010     DSP2833x_GlobalVariableDefs.obj (ScibRegsFile)

ScicRegsFile 
*          1    00007770    00000010     UNINITIALIZED
                  00007770    00000010     DSP2833x_GlobalVariableDefs.obj (ScicRegsFile)

I2caRegsFile 
*          1    00007900    00000022     UNINITIALIZED
                  00007900    00000022     DSP2833x_GlobalVariableDefs.obj (I2caRegsFile)

CsmPwlFile 
*          1    0033fff8    00000008     UNINITIALIZED
                  0033fff8    00000008     DSP2833x_GlobalVariableDefs.obj (CsmPwlFile)

PartIdRegsFile 
*          1    00380090    00000001     UNINITIALIZED
                  00380090    00000001     DSP2833x_GlobalVariableDefs.obj (PartIdRegsFile)

MODULE SUMMARY

       Module                            code   initialized data   uninitialized data
       ------                            ----   ----------------   ------------------
    .\
       DSP2833x_GlobalVariableDefs.obj   0      0                  2679              
       PLL_UNIPOLAR_NEW_FINAL.obj        768    294                114               
       DSP2833x_DefaultIsr.obj           790    0                  0                 
       bandstop.obj                      396    0                  38                
       PI.obj                            174    0                  156               
       lowpass.obj                       246    0                  34                
       DSP2833x_PieVect.obj              17     256                0                 
       DSP2833x_SysCtrl.obj              253    0                  0                 
       res.obj                           103    0                  18                
       DSP2833x_PieCtrl.obj              40     0                  0                 
       DSP2833x_CpuTimers.obj            0      0                  24                
       DSP2833x_Adc.obj                  20     0                  0                 
       DSP2833x_CodeStartBranch.obj      10     0                  0                 
       DSP2833x_ADC_cal.obj              7      0                  0                 
       DSP2833x_usDelay.obj              4      0                  0                 
    +--+---------------------------------+------+------------------+--------------------+
       Total:                            2828   550                3063              
                                                                                     
    C:\ti\ccs1010\ccs\tools\compiler\ti-cgt-c2000_20.2.1.LTS\lib\rts2800_fpu32.lib
       fs_div28.asm.obj                  136    0                  0                 
       s_cosf.c.obj                      99     0                  0                 
       s_sinf.c.obj                      89     0                  0                 
       boot28.asm.obj                    86     0                  0                 
       exit.c.obj                        41     14                 6                 
       cpy_tbl.c.obj                     36     0                  0                 
       memcpy.c.obj                      29     0                  0                 
       _lock.c.obj                       9      10                 4                 
       args_main.c.obj                   18     0                  0                 
       pre_init.c.obj                    2      0                  0                 
       startup.c.obj                     1      0                  0                 
    +--+---------------------------------+------+------------------+--------------------+
       Total:                            546    24                 10                
                                                                                     
       Stack:                            0      0                  768               
    +--+---------------------------------+------+------------------+--------------------+
       Grand Total:                      3374   574                3841              


GLOBAL DATA SYMBOLS: SORTED BY DATA PAGE

address     data page           name
--------    ----------------    ----
00000400      10 (00000400)     __stack

00000880      22 (00000880)     _DevEmuRegs

00000a80      2a (00000a80)     _FlashRegs

00000ae0      2b (00000ac0)     _CsmRegs

00000b00      2c (00000b00)     _AdcMirror
00000b20      2c (00000b00)     _XintfRegs

00000c00      30 (00000c00)     _CpuTimer0Regs
00000c08      30 (00000c00)     _CpuTimer1Regs
00000c10      30 (00000c00)     _CpuTimer2Regs

00000ce0      33 (00000cc0)     _PieCtrlRegs

00000d00      34 (00000d00)     _PieVectTable

00001000      40 (00001000)     _DmaRegs

00005000     140 (00005000)     _McbspaRegs

00005040     141 (00005040)     _McbspbRegs

00006000     180 (00006000)     _ECanaRegs

00006040     181 (00006040)     _ECanaLAMRegs

00006080     182 (00006080)     _ECanaMOTSRegs

000060c0     183 (000060c0)     _ECanaMOTORegs

00006100     184 (00006100)     _ECanaMboxes

00006200     188 (00006200)     _ECanbRegs

00006240     189 (00006240)     _ECanbLAMRegs

00006280     18a (00006280)     _ECanbMOTSRegs

000062c0     18b (000062c0)     _ECanbMOTORegs

00006300     18c (00006300)     _ECanbMboxes

00006800     1a0 (00006800)     _EPwm1Regs

00006840     1a1 (00006840)     _EPwm2Regs

00006880     1a2 (00006880)     _EPwm3Regs

000068c0     1a3 (000068c0)     _EPwm4Regs

00006900     1a4 (00006900)     _EPwm5Regs

00006940     1a5 (00006940)     _EPwm6Regs

00006a00     1a8 (00006a00)     _ECap1Regs
00006a20     1a8 (00006a00)     _ECap2Regs

00006a40     1a9 (00006a40)     _ECap3Regs
00006a60     1a9 (00006a40)     _ECap4Regs

00006a80     1aa (00006a80)     _ECap5Regs
00006aa0     1aa (00006a80)     _ECap6Regs

00006b00     1ac (00006b00)     _EQep1Regs

00006b40     1ad (00006b40)     _EQep2Regs

00006f80     1be (00006f80)     _GpioCtrlRegs

00006fc0     1bf (00006fc0)     _GpioDataRegs
00006fe0     1bf (00006fc0)     _GpioIntRegs

00007010     1c0 (00007000)     _SysCtrlRegs

00007040     1c1 (00007040)     _SpiaRegs
00007050     1c1 (00007040)     _SciaRegs
00007070     1c1 (00007040)     _XIntruptRegs

00007100     1c4 (00007100)     _AdcRegs

00007750     1dd (00007740)     _ScibRegs
00007770     1dd (00007740)     _ScicRegs

00007900     1e4 (00007900)     _I2caRegs

0000c000     300 (0000c000)     _PI_i_DAB
0000c01c     300 (0000c000)     _PI_u_DAB

0000c040     301 (0000c040)     _PI_i_PLL
0000c05c     301 (0000c040)     _PI_u_PLL

0000c080     302 (0000c080)     _PI_PLL
0000c09c     302 (0000c080)     _LOW_1
0000c0be     302 (0000c080)     __lock

0000c0c0     303 (0000c0c0)     _deadband
0000c0c1     303 (0000c0c0)     _counter_button1
0000c0c2     303 (0000c0c0)     _counter_button2
0000c0c3     303 (0000c0c0)     _counter_tripzone1
0000c0c4     303 (0000c0c0)     _ADCcounter
0000c0c5     303 (0000c0c0)     _syncinfo
0000c0c6     303 (0000c0c0)     _freq
0000c0c8     303 (0000c0c0)     _kp_I
0000c0ca     303 (0000c0c0)     _ki_I
0000c0cc     303 (0000c0c0)     _kp_U
0000c0ce     303 (0000c0c0)     _ki_U
0000c0d0     303 (0000c0c0)     _kp_PLL
0000c0d2     303 (0000c0c0)     _ki_PLL
0000c0d4     303 (0000c0c0)     _Ts
0000c0d6     303 (0000c0c0)     _sat
0000c0d8     303 (0000c0c0)     _Imax
0000c0da     303 (0000c0c0)     _Imin
0000c0dc     303 (0000c0c0)     _Vout
0000c0de     303 (0000c0c0)     _pllmax
0000c0e0     303 (0000c0c0)     _pllmin
0000c0e2     303 (0000c0c0)     _integrator_max
0000c0e4     303 (0000c0c0)     _integrator_min
0000c0e6     303 (0000c0c0)     _lowpass_gain
0000c0e8     303 (0000c0c0)     _lowpass_damping
0000c0ea     303 (0000c0c0)     _lowpass_omega
0000c0ec     303 (0000c0c0)     _bandstop_band
0000c0ee     303 (0000c0c0)     _bandstop_omega
0000c0f0     303 (0000c0c0)     _pll_product_in
0000c0f2     303 (0000c0c0)     _pll_sum
0000c0f4     303 (0000c0c0)     _pll_sin
0000c0f6     303 (0000c0c0)     _pll_cos
0000c0f8     303 (0000c0c0)     _pll_product_out
0000c0fa     303 (0000c0c0)     _pll_sum_out
0000c0fc     303 (0000c0c0)     _pll_sum_out_inverted
0000c0fe     303 (0000c0c0)     _pll_normalized

0000c100     304 (0000c100)     _pll_normalized_inverted
0000c102     304 (0000c100)     _grid_omega
0000c104     304 (0000c100)     _ADCresultVout
0000c106     304 (0000c100)     _ADCresultVout1
0000c108     304 (0000c100)     _ADCresultVout2
0000c10a     304 (0000c100)     _ADCresultVout3
0000c10c     304 (0000c100)     _ADCresultVin
0000c10e     304 (0000c100)     _ADCresultVin1
0000c110     304 (0000c100)     _ADCresultVin2
0000c112     304 (0000c100)     _ADCresultVin3
0000c114     304 (0000c100)     _ADCresultIout
0000c116     304 (0000c100)     _ADCresultIout1
0000c118     304 (0000c100)     _ADCresultIout2
0000c11a     304 (0000c100)     _ADCresultIout3
0000c11c     304 (0000c100)     _pulse_width
0000c11e     304 (0000c100)     _pulse_width_inverted
0000c120     304 (0000c100)     _Iscale
0000c122     304 (0000c100)     _Ioffset
0000c124     304 (0000c100)     _Uscale
0000c126     304 (0000c100)     _Uoffset
0000c128     304 (0000c100)     _Uinscale
0000c12a     304 (0000c100)     _Uinoffset
0000c12c     304 (0000c100)     _Vrefplus
0000c12e     304 (0000c100)     _maxADCval
0000c130     304 (0000c100)     _ADCresult
0000c132     304 (0000c100)     ___TI_enable_exit_profile_output
0000c134     304 (0000c100)     ___TI_cleanup_ptr
0000c136     304 (0000c100)     ___TI_dtors_ptr
0000c138     304 (0000c100)     __unlock

0000c140     305 (0000c140)     _BAND_1
0000c166     305 (0000c140)     _CpuTimer0
0000c16e     305 (0000c140)     _CpuTimer1
0000c176     305 (0000c140)     _CpuTimer2

0000c180     306 (0000c180)     _R_1

0000d000     340 (0000d000)     _PieVectTableInit

0033fff8    cfff (0033ffc0)     _CsmPwl

00380090    e002 (00380080)     _PartIdRegs


GLOBAL SYMBOLS: SORTED ALPHABETICALLY BY Name 

page  address   name                            
----  -------   ----                            
0     00009000  .text                           
0     00009c44  C$$EXIT                         
0     00009a43  FS$$DIV                         
0     0000930c  _ADCINT_ISR                     
0     00380080  _ADC_cal                        
1     0000c0c4  _ADCcounter                     
1     0000c130  _ADCresult                      
1     0000c114  _ADCresultIout                  
1     0000c116  _ADCresultIout1                 
1     0000c118  _ADCresultIout2                 
1     0000c11a  _ADCresultIout3                 
1     0000c10c  _ADCresultVin                   
1     0000c10e  _ADCresultVin1                  
1     0000c110  _ADCresultVin2                  
1     0000c112  _ADCresultVin3                  
1     0000c104  _ADCresultVout                  
1     0000c106  _ADCresultVout1                 
1     0000c108  _ADCresultVout2                 
1     0000c10a  _ADCresultVout3                 
1     00000b00  _AdcMirror                      
1     00007100  _AdcRegs                        
1     0000c140  _BAND_1                         
1     0000c166  _CpuTimer0                      
1     00000c00  _CpuTimer0Regs                  
1     0000c16e  _CpuTimer1                      
1     00000c08  _CpuTimer1Regs                  
1     0000c176  _CpuTimer2                      
1     00000c10  _CpuTimer2Regs                  
1     0033fff8  _CsmPwl                         
1     00000ae0  _CsmRegs                        
0     00009871  _CsmUnlock                      
0     00009302  _DATALOG_ISR                    
0     000092f8  _DINTCH1_ISR                    
0     000092ee  _DINTCH2_ISR                    
0     000092e4  _DINTCH3_ISR                    
0     000092da  _DINTCH4_ISR                    
0     000092d0  _DINTCH5_ISR                    
0     000092c6  _DINTCH6_ISR                    
0     00008140  _DSP28x_usDelay                 
1     00000880  _DevEmuRegs                     
0     000097ac  _DisableDog                     
1     00001000  _DmaRegs                        
0     000092bc  _ECAN0INTA_ISR                  
0     000092b2  _ECAN0INTB_ISR                  
0     000092a8  _ECAN1INTA_ISR                  
0     0000929e  _ECAN1INTB_ISR                  
0     00009294  _ECAP1_INT_ISR                  
0     0000928a  _ECAP2_INT_ISR                  
0     00009280  _ECAP3_INT_ISR                  
0     00009276  _ECAP4_INT_ISR                  
0     0000926c  _ECAP5_INT_ISR                  
0     00009262  _ECAP6_INT_ISR                  
1     00006040  _ECanaLAMRegs                   
1     000060c0  _ECanaMOTORegs                  
1     00006080  _ECanaMOTSRegs                  
1     00006100  _ECanaMboxes                    
1     00006000  _ECanaRegs                      
1     00006240  _ECanbLAMRegs                   
1     000062c0  _ECanbMOTORegs                  
1     00006280  _ECanbMOTSRegs                  
1     00006300  _ECanbMboxes                    
1     00006200  _ECanbRegs                      
1     00006a00  _ECap1Regs                      
1     00006a20  _ECap2Regs                      
1     00006a40  _ECap3Regs                      
1     00006a60  _ECap4Regs                      
1     00006a80  _ECap5Regs                      
1     00006aa0  _ECap6Regs                      
0     00009258  _EMUINT_ISR                     
0     0000924e  _EPWM1_INT_ISR                  
0     00009244  _EPWM1_TZINT_ISR                
0     0000923a  _EPWM2_INT_ISR                  
0     00009230  _EPWM2_TZINT_ISR                
0     00009226  _EPWM3_INT_ISR                  
0     0000921c  _EPWM3_TZINT_ISR                
0     00009212  _EPWM4_INT_ISR                  
0     00009208  _EPWM4_TZINT_ISR                
0     000091fe  _EPWM5_INT_ISR                  
0     000091f4  _EPWM5_TZINT_ISR                
0     000091ea  _EPWM6_INT_ISR                  
0     000091e0  _EPWM6_TZINT_ISR                
1     00006800  _EPwm1Regs                      
1     00006840  _EPwm2Regs                      
1     00006880  _EPwm3Regs                      
1     000068c0  _EPwm4Regs                      
1     00006900  _EPwm5Regs                      
1     00006940  _EPwm6Regs                      
0     000091d6  _EQEP1_INT_ISR                  
0     000091cc  _EQEP2_INT_ISR                  
1     00006b00  _EQep1Regs                      
1     00006b40  _EQep2Regs                      
0     00009c8c  _EnableInterrupts               
1     00000a80  _FlashRegs                      
1     00006f80  _GpioCtrlRegs                   
1     00006fc0  _GpioDataRegs                   
1     00006fe0  _GpioIntRegs                    
0     000091c2  _I2CINT1A_ISR                   
0     000091b8  _I2CINT2A_ISR                   
1     00007900  _I2caRegs                       
0     000091ae  _ILLEGAL_ISR                    
0     000091a4  _INT13_ISR                      
0     0000919a  _INT14_ISR                      
1     0000c0d8  _Imax                           
1     0000c0da  _Imin                           
0     00009cd6  _InitAdc                        
0     00009802  _InitPeripheralClocks           
0     00009c6d  _InitPieCtrl                    
0     00009cfc  _InitPieVectTable               
0     000097b4  _InitPll                        
0     00009868  _InitSysCtrl                    
1     0000c122  _Ioffset                        
1     0000c120  _Iscale                         
1     0000c09c  _LOW_1                          
0     00009190  _LUF_ISR                        
0     00009186  _LVF_ISR                        
0     0000917c  _MRINTA_ISR                     
0     00009172  _MRINTB_ISR                     
0     00009168  _MXINTA_ISR                     
0     0000915e  _MXINTB_ISR                     
1     00005000  _McbspaRegs                     
1     00005040  _McbspbRegs                     
0     00009154  _NMI_ISR                        
0     0000914a  _PIE_RESERVED                   
0     000099d1  _PI_Calc                        
0     00009995  _PI_Init                        
1     0000c080  _PI_PLL                         
1     0000c000  _PI_i_DAB                       
1     0000c040  _PI_i_PLL                       
1     0000c01c  _PI_u_DAB                       
1     0000c05c  _PI_u_PLL                       
1     00380090  _PartIdRegs                     
1     00000ce0  _PieCtrlRegs                    
1     00000d00  _PieVectTable                   
1     0000d000  _PieVectTableInit               
0     00009140  _RTOSINT_ISR                    
1     0000c180  _R_1                            
0     00009afb  _R_Calc                         
0     00009acb  _R_Init                         
0     00009136  _SCIRXINTA_ISR                  
0     0000912c  _SCIRXINTB_ISR                  
0     00009122  _SCIRXINTC_ISR                  
0     00009118  _SCITXINTA_ISR                  
0     0000910e  _SCITXINTB_ISR                  
0     00009104  _SCITXINTC_ISR                  
0     000090fa  _SEQ1INT_ISR                    
0     000090f0  _SEQ2INT_ISR                    
0     000090e6  _SPIRXINTA_ISR                  
0     000090dc  _SPITXINTA_ISR                  
1     00007050  _SciaRegs                       
1     00007750  _ScibRegs                       
1     00007770  _ScicRegs                       
0     000097a2  _ServiceDog                     
1     00007040  _SpiaRegs                       
1     00007010  _SysCtrlRegs                    
0     000090d2  _TINT0_ISR                      
1     0000c0d4  _Ts                             
0     000090c8  _USER10_ISR                     
0     000090be  _USER11_ISR                     
0     000090b4  _USER12_ISR                     
0     000090aa  _USER1_ISR                      
0     000090a0  _USER2_ISR                      
0     00009096  _USER3_ISR                      
0     0000908c  _USER4_ISR                      
0     00009082  _USER5_ISR                      
0     00009078  _USER6_ISR                      
0     0000906e  _USER7_ISR                      
0     00009064  _USER8_ISR                      
0     0000905a  _USER9_ISR                      
1     0000c12a  _Uinoffset                      
1     0000c128  _Uinscale                       
1     0000c126  _Uoffset                        
1     0000c124  _Uscale                         
1     0000c0dc  _Vout                           
1     0000c12c  _Vrefplus                       
0     00009050  _WAKEINT_ISR                    
0     00009046  _XINT1_ISR                      
0     0000903c  _XINT2_ISR                      
0     00009032  _XINT3_ISR                      
0     00009028  _XINT4_ISR                      
0     0000901e  _XINT5_ISR                      
0     00009014  _XINT6_ISR                      
0     0000900a  _XINT7_ISR                      
1     00007070  _XIntruptRegs                   
1     00000b20  _XintfRegs                      
1     00000700  __STACK_END                     
abs   00000300  __STACK_SIZE                    
1     0000c134  ___TI_cleanup_ptr               
1     0000c136  ___TI_dtors_ptr                 
1     0000c132  ___TI_enable_exit_profile_output
abs   ffffffff  ___TI_pprof_out_hndl            
abs   ffffffff  ___TI_prof_data_size            
abs   ffffffff  ___TI_prof_data_start           
abs   ffffffff  ___binit__                      
abs   ffffffff  ___c_args__                     
0     00008000  ___cinit__                      
0     00009d21  ___etext__                      
abs   ffffffff  ___pinit__                      
0     00009000  ___text__                       
0     00009cea  __args_main                     
1     0000c0be  __lock                          
0     00009d15  __nop                           
0     00009d11  __register_lock                 
0     00009d0d  __register_unlock               
1     00000400  __stack                         
0     00009d20  __system_post_cinit             
0     00009d1e  __system_pre_init               
1     0000c138  __unlock                        
0     00009c44  _abort                          
0     0000965f  _adc_isr                        
0     00009521  _band_Calc                      
0     000094d3  _band_Init                      
1     0000c0ec  _bandstop_band                  
1     0000c0ee  _bandstop_omega                 
0     00009bee  _c_int00                        
0     00009436  _configureADC                   
0     00009c95  _copy_in                        
0     00009b32  _cos                            
0     00009b32  _cosf                           
1     0000c0c1  _counter_button1                
1     0000c0c2  _counter_button2                
1     0000c0c3  _counter_tripzone1              
1     0000c0c0  _deadband                       
0     00009c46  _exit                           
1     0000c0c6  _freq                           
1     0000c102  _grid_omega                     
1     0000c0e2  _integrator_max                 
1     0000c0e4  _integrator_min                 
1     0000c0ca  _ki_I                           
1     0000c0d2  _ki_PLL                         
1     0000c0ce  _ki_U                           
1     0000c0c8  _kp_I                           
1     0000c0d0  _kp_PLL                         
1     0000c0cc  _kp_U                           
0     000098e6  _lowpass_Calc                   
0     0000989f  _lowpass_Init                   
1     0000c0e8  _lowpass_damping                
1     0000c0e6  _lowpass_gain                   
1     0000c0ea  _lowpass_omega                  
0     0000946c  _main                           
1     0000c12e  _maxADCval                      
0     00009cb9  _memcpy                         
1     0000c0f6  _pll_cos                        
1     0000c0fe  _pll_normalized                 
1     0000c100  _pll_normalized_inverted        
1     0000c0f0  _pll_product_in                 
1     0000c0f8  _pll_product_out                
1     0000c0f4  _pll_sin                        
1     0000c0f2  _pll_sum                        
1     0000c0fa  _pll_sum_out                    
1     0000c0fc  _pll_sum_out_inverted           
1     0000c0de  _pllmax                         
1     0000c0e0  _pllmin                         
1     0000c11c  _pulse_width                    
1     0000c11e  _pulse_width_inverted           
0     00009000  _rsvd_ISR                       
1     0000c0d6  _sat                            
0     0000940b  _setupGPIO                      
0     000093ee  _setupInterrupts                
0     00009384  _setupPWM1                      
0     00009316  _setupPWM2                      
0     00009b95  _sin                            
0     00009b95  _sinf                           
1     0000c0c5  _syncinfo                       
abs   ffffffff  binit                           
0     00008000  cinit                           
0     00000000  code_start                      
0     00009d21  etext                           
abs   ffffffff  pinit                           


GLOBAL SYMBOLS: SORTED BY Symbol Address 

page  address   name                            
----  -------   ----                            
0     00000000  code_start                      
0     00008000  ___cinit__                      
0     00008000  cinit                           
0     00008140  _DSP28x_usDelay                 
0     00009000  .text                           
0     00009000  ___text__                       
0     00009000  _rsvd_ISR                       
0     0000900a  _XINT7_ISR                      
0     00009014  _XINT6_ISR                      
0     0000901e  _XINT5_ISR                      
0     00009028  _XINT4_ISR                      
0     00009032  _XINT3_ISR                      
0     0000903c  _XINT2_ISR                      
0     00009046  _XINT1_ISR                      
0     00009050  _WAKEINT_ISR                    
0     0000905a  _USER9_ISR                      
0     00009064  _USER8_ISR                      
0     0000906e  _USER7_ISR                      
0     00009078  _USER6_ISR                      
0     00009082  _USER5_ISR                      
0     0000908c  _USER4_ISR                      
0     00009096  _USER3_ISR                      
0     000090a0  _USER2_ISR                      
0     000090aa  _USER1_ISR                      
0     000090b4  _USER12_ISR                     
0     000090be  _USER11_ISR                     
0     000090c8  _USER10_ISR                     
0     000090d2  _TINT0_ISR                      
0     000090dc  _SPITXINTA_ISR                  
0     000090e6  _SPIRXINTA_ISR                  
0     000090f0  _SEQ2INT_ISR                    
0     000090fa  _SEQ1INT_ISR                    
0     00009104  _SCITXINTC_ISR                  
0     0000910e  _SCITXINTB_ISR                  
0     00009118  _SCITXINTA_ISR                  
0     00009122  _SCIRXINTC_ISR                  
0     0000912c  _SCIRXINTB_ISR                  
0     00009136  _SCIRXINTA_ISR                  
0     00009140  _RTOSINT_ISR                    
0     0000914a  _PIE_RESERVED                   
0     00009154  _NMI_ISR                        
0     0000915e  _MXINTB_ISR                     
0     00009168  _MXINTA_ISR                     
0     00009172  _MRINTB_ISR                     
0     0000917c  _MRINTA_ISR                     
0     00009186  _LVF_ISR                        
0     00009190  _LUF_ISR                        
0     0000919a  _INT14_ISR                      
0     000091a4  _INT13_ISR                      
0     000091ae  _ILLEGAL_ISR                    
0     000091b8  _I2CINT2A_ISR                   
0     000091c2  _I2CINT1A_ISR                   
0     000091cc  _EQEP2_INT_ISR                  
0     000091d6  _EQEP1_INT_ISR                  
0     000091e0  _EPWM6_TZINT_ISR                
0     000091ea  _EPWM6_INT_ISR                  
0     000091f4  _EPWM5_TZINT_ISR                
0     000091fe  _EPWM5_INT_ISR                  
0     00009208  _EPWM4_TZINT_ISR                
0     00009212  _EPWM4_INT_ISR                  
0     0000921c  _EPWM3_TZINT_ISR                
0     00009226  _EPWM3_INT_ISR                  
0     00009230  _EPWM2_TZINT_ISR                
0     0000923a  _EPWM2_INT_ISR                  
0     00009244  _EPWM1_TZINT_ISR                
0     0000924e  _EPWM1_INT_ISR                  
0     00009258  _EMUINT_ISR                     
0     00009262  _ECAP6_INT_ISR                  
0     0000926c  _ECAP5_INT_ISR                  
0     00009276  _ECAP4_INT_ISR                  
0     00009280  _ECAP3_INT_ISR                  
0     0000928a  _ECAP2_INT_ISR                  
0     00009294  _ECAP1_INT_ISR                  
0     0000929e  _ECAN1INTB_ISR                  
0     000092a8  _ECAN1INTA_ISR                  
0     000092b2  _ECAN0INTB_ISR                  
0     000092bc  _ECAN0INTA_ISR                  
0     000092c6  _DINTCH6_ISR                    
0     000092d0  _DINTCH5_ISR                    
0     000092da  _DINTCH4_ISR                    
0     000092e4  _DINTCH3_ISR                    
0     000092ee  _DINTCH2_ISR                    
0     000092f8  _DINTCH1_ISR                    
0     00009302  _DATALOG_ISR                    
0     0000930c  _ADCINT_ISR                     
0     00009316  _setupPWM2                      
0     00009384  _setupPWM1                      
0     000093ee  _setupInterrupts                
0     0000940b  _setupGPIO                      
0     00009436  _configureADC                   
0     0000946c  _main                           
0     000094d3  _band_Init                      
0     00009521  _band_Calc                      
0     0000965f  _adc_isr                        
0     000097a2  _ServiceDog                     
0     000097ac  _DisableDog                     
0     000097b4  _InitPll                        
0     00009802  _InitPeripheralClocks           
0     00009868  _InitSysCtrl                    
0     00009871  _CsmUnlock                      
0     0000989f  _lowpass_Init                   
0     000098e6  _lowpass_Calc                   
0     00009995  _PI_Init                        
0     000099d1  _PI_Calc                        
0     00009a43  FS$$DIV                         
0     00009acb  _R_Init                         
0     00009afb  _R_Calc                         
0     00009b32  _cos                            
0     00009b32  _cosf                           
0     00009b95  _sin                            
0     00009b95  _sinf                           
0     00009bee  _c_int00                        
0     00009c44  C$$EXIT                         
0     00009c44  _abort                          
0     00009c46  _exit                           
0     00009c6d  _InitPieCtrl                    
0     00009c8c  _EnableInterrupts               
0     00009c95  _copy_in                        
0     00009cb9  _memcpy                         
0     00009cd6  _InitAdc                        
0     00009cea  __args_main                     
0     00009cfc  _InitPieVectTable               
0     00009d0d  __register_unlock               
0     00009d11  __register_lock                 
0     00009d15  __nop                           
0     00009d1e  __system_pre_init               
0     00009d20  __system_post_cinit             
0     00009d21  ___etext__                      
0     00009d21  etext                           
0     00380080  _ADC_cal                        
1     00000400  __stack                         
1     00000700  __STACK_END                     
1     00000880  _DevEmuRegs                     
1     00000a80  _FlashRegs                      
1     00000ae0  _CsmRegs                        
1     00000b00  _AdcMirror                      
1     00000b20  _XintfRegs                      
1     00000c00  _CpuTimer0Regs                  
1     00000c08  _CpuTimer1Regs                  
1     00000c10  _CpuTimer2Regs                  
1     00000ce0  _PieCtrlRegs                    
1     00000d00  _PieVectTable                   
1     00001000  _DmaRegs                        
1     00005000  _McbspaRegs                     
1     00005040  _McbspbRegs                     
1     00006000  _ECanaRegs                      
1     00006040  _ECanaLAMRegs                   
1     00006080  _ECanaMOTSRegs                  
1     000060c0  _ECanaMOTORegs                  
1     00006100  _ECanaMboxes                    
1     00006200  _ECanbRegs                      
1     00006240  _ECanbLAMRegs                   
1     00006280  _ECanbMOTSRegs                  
1     000062c0  _ECanbMOTORegs                  
1     00006300  _ECanbMboxes                    
1     00006800  _EPwm1Regs                      
1     00006840  _EPwm2Regs                      
1     00006880  _EPwm3Regs                      
1     000068c0  _EPwm4Regs                      
1     00006900  _EPwm5Regs                      
1     00006940  _EPwm6Regs                      
1     00006a00  _ECap1Regs                      
1     00006a20  _ECap2Regs                      
1     00006a40  _ECap3Regs                      
1     00006a60  _ECap4Regs                      
1     00006a80  _ECap5Regs                      
1     00006aa0  _ECap6Regs                      
1     00006b00  _EQep1Regs                      
1     00006b40  _EQep2Regs                      
1     00006f80  _GpioCtrlRegs                   
1     00006fc0  _GpioDataRegs                   
1     00006fe0  _GpioIntRegs                    
1     00007010  _SysCtrlRegs                    
1     00007040  _SpiaRegs                       
1     00007050  _SciaRegs                       
1     00007070  _XIntruptRegs                   
1     00007100  _AdcRegs                        
1     00007750  _ScibRegs                       
1     00007770  _ScicRegs                       
1     00007900  _I2caRegs                       
1     0000c000  _PI_i_DAB                       
1     0000c01c  _PI_u_DAB                       
1     0000c040  _PI_i_PLL                       
1     0000c05c  _PI_u_PLL                       
1     0000c080  _PI_PLL                         
1     0000c09c  _LOW_1                          
1     0000c0be  __lock                          
1     0000c0c0  _deadband                       
1     0000c0c1  _counter_button1                
1     0000c0c2  _counter_button2                
1     0000c0c3  _counter_tripzone1              
1     0000c0c4  _ADCcounter                     
1     0000c0c5  _syncinfo                       
1     0000c0c6  _freq                           
1     0000c0c8  _kp_I                           
1     0000c0ca  _ki_I                           
1     0000c0cc  _kp_U                           
1     0000c0ce  _ki_U                           
1     0000c0d0  _kp_PLL                         
1     0000c0d2  _ki_PLL                         
1     0000c0d4  _Ts                             
1     0000c0d6  _sat                            
1     0000c0d8  _Imax                           
1     0000c0da  _Imin                           
1     0000c0dc  _Vout                           
1     0000c0de  _pllmax                         
1     0000c0e0  _pllmin                         
1     0000c0e2  _integrator_max                 
1     0000c0e4  _integrator_min                 
1     0000c0e6  _lowpass_gain                   
1     0000c0e8  _lowpass_damping                
1     0000c0ea  _lowpass_omega                  
1     0000c0ec  _bandstop_band                  
1     0000c0ee  _bandstop_omega                 
1     0000c0f0  _pll_product_in                 
1     0000c0f2  _pll_sum                        
1     0000c0f4  _pll_sin                        
1     0000c0f6  _pll_cos                        
1     0000c0f8  _pll_product_out                
1     0000c0fa  _pll_sum_out                    
1     0000c0fc  _pll_sum_out_inverted           
1     0000c0fe  _pll_normalized                 
1     0000c100  _pll_normalized_inverted        
1     0000c102  _grid_omega                     
1     0000c104  _ADCresultVout                  
1     0000c106  _ADCresultVout1                 
1     0000c108  _ADCresultVout2                 
1     0000c10a  _ADCresultVout3                 
1     0000c10c  _ADCresultVin                   
1     0000c10e  _ADCresultVin1                  
1     0000c110  _ADCresultVin2                  
1     0000c112  _ADCresultVin3                  
1     0000c114  _ADCresultIout                  
1     0000c116  _ADCresultIout1                 
1     0000c118  _ADCresultIout2                 
1     0000c11a  _ADCresultIout3                 
1     0000c11c  _pulse_width                    
1     0000c11e  _pulse_width_inverted           
1     0000c120  _Iscale                         
1     0000c122  _Ioffset                        
1     0000c124  _Uscale                         
1     0000c126  _Uoffset                        
1     0000c128  _Uinscale                       
1     0000c12a  _Uinoffset                      
1     0000c12c  _Vrefplus                       
1     0000c12e  _maxADCval                      
1     0000c130  _ADCresult                      
1     0000c132  ___TI_enable_exit_profile_output
1     0000c134  ___TI_cleanup_ptr               
1     0000c136  ___TI_dtors_ptr                 
1     0000c138  __unlock                        
1     0000c140  _BAND_1                         
1     0000c166  _CpuTimer0                      
1     0000c16e  _CpuTimer1                      
1     0000c176  _CpuTimer2                      
1     0000c180  _R_1                            
1     0000d000  _PieVectTableInit               
1     0033fff8  _CsmPwl                         
1     00380090  _PartIdRegs                     
abs   00000300  __STACK_SIZE                    
abs   ffffffff  ___TI_pprof_out_hndl            
abs   ffffffff  ___TI_prof_data_size            
abs   ffffffff  ___TI_prof_data_start           
abs   ffffffff  ___binit__                      
abs   ffffffff  ___c_args__                     
abs   ffffffff  ___pinit__                      
abs   ffffffff  binit                           
abs   ffffffff  pinit                           

[268 symbols]
